>>> add_integer = __import__('0-add_integer').add_integer

>>> add_integer(2, 3)
5
>>> add_integer(2, -3)
-1
>>> add_integer(2.23, 5.21)
7
>>> add_integer(None)
Traceback (most recent call last):
...
TypeError: a must be an integer
>>> add_integer(True, 5)
Traceback (most recent call last):
...
TypeError: a must be an integer
>>> add_integer(5, True)
Traceback (most recent call last):
...
TypeError: b must be an integer
>>> add_integer('string' , 3) #doctest : +ELLIPSIS
Traceback (most recent call last):
...
TypeError: a must be an integer
>>> add_integer(4 , 'string') #doctest : +ELLIPSIS
Traceback (most recent call last):
...
TypeError: b must be an integer
